./gradlew.bat : WARNING: A restricted method in java.lang.System has 
been called
At line:1 char:1
+ ./gradlew.bat build --stacktrace > build_error.log 2>&1
+ ~~~~~~~~~~~~~~~~~~~~~~~~~~~~~~~~~~~~~~~~~~~~~~~~~~~~~~~
    + CategoryInfo          : NotSpecified: (WARNING: A rest...has bee 
   n called:String) [], RemoteException
    + FullyQualifiedErrorId : NativeCommandError
 
WARNING: java.lang.System::load has been called by 
net.rubygrapefruit.platform.internal.NativeLibraryLoader in an unnamed 
module (file:/C:/Users/HP/.gradle/wrapper/dists/gradle-8.11.1-bin/bpt9g
zteqjrbo1mjrsomdt32c/gradle-8.11.1/lib/native-platform-0.22-milestone-2
6.jar)
WARNING: Use --enable-native-access=ALL-UNNAMED to avoid a warning for 
callers in this module
WARNING: Restricted methods will be blocked in a future release unless 
native access is enabled

Configuration on demand is an incubating feature.
[Incubating] Problems report is available at: file:///C:/Users/HP/Documents/Shedulytic/build/reports/problems/problems-report.html

FAILURE: Build failed with an exception.

* What went wrong:
Could not determine the dependencies of task ':app:test'.
> Could not create task ':app:testDebugUnitTest'.
   > Could not create task of type 'AndroidUnitTest'.
      > Could not create an instance of type 
org.gradle.api.internal.tasks.testing.DefaultTestTaskReports.
         > Could not create an instance of type 
org.gradle.api.reporting.internal.DefaultReportContainer.
            > Type T not present

* Try:
> Run with --info or --debug option to get more log output.
> Run with --scan to get full insights.
> Get more help at https://help.gradle.org.

* Exception is:
org.gradle.api.internal.tasks.TaskDependencyResolveException: Could 
not determine the dependencies of task ':app:test'.
	at org.gradle.api.internal.tasks.CachingTaskDependencyResolveContext.g
etDependencies(CachingTaskDependencyResolveContext.java:70)
	at org.gradle.execution.plan.TaskDependencyResolver.resolveDependencie
sFor(TaskDependencyResolver.java:49)
	at org.gradle.execution.plan.LocalTaskNode.getDependencies(LocalTaskNo
de.java:148)
	at org.gradle.execution.plan.LocalTaskNode.resolveDependencies(LocalTa
skNode.java:122)
	at org.gradle.execution.plan.DefaultExecutionPlan.discoverNodeRelation
ships(DefaultExecutionPlan.java:182)
	at org.gradle.execution.plan.DefaultExecutionPlan.doAddEntryNodes(Defa
ultExecutionPlan.java:154)
	at org.gradle.execution.plan.DefaultExecutionPlan.addEntryTasks(Defaul
tExecutionPlan.java:129)
	at org.gradle.execution.plan.DefaultExecutionPlan.addEntryTasks(Defaul
tExecutionPlan.java:121)
	at org.gradle.execution.TaskNameResolvingBuildTaskScheduler.scheduleRe
questedTasks(TaskNameResolvingBuildTaskScheduler.java:54)
	at org.gradle.execution.DefaultTasksBuildTaskScheduler.scheduleRequest
edTasks(DefaultTasksBuildTaskScheduler.java:72)
	at org.gradle.initialization.DefaultTaskExecutionPreparer.lambda$sched
uleRequestedTasks$0(DefaultTaskExecutionPreparer.java:48)
	at org.gradle.internal.Factories$1.create(Factories.java:31)
	at org.gradle.internal.work.DefaultWorkerLeaseService.withReplacedLock
s(DefaultWorkerLeaseService.java:359)
	at org.gradle.api.internal.project.DefaultProjectStateRegistry$Default
BuildProjectRegistry.withMutableStateOfAllProjects(DefaultProjectStateR
egistry.java:238)
	at org.gradle.api.internal.project.DefaultProjectStateRegistry$Default
BuildProjectRegistry.withMutableStateOfAllProjects(DefaultProjectStateR
egistry.java:231)
	at org.gradle.initialization.DefaultTaskExecutionPreparer.scheduleRequ
estedTasks(DefaultTaskExecutionPreparer.java:47)
	at org.gradle.initialization.VintageBuildModelController.lambda$schedu
leRequestedTasks$0(VintageBuildModelController.java:76)
	at org.gradle.internal.model.StateTransitionController.lambda$inState$
1(StateTransitionController.java:99)
	at org.gradle.internal.model.StateTransitionController.lambda$inState$
2(StateTransitionController.java:114)
	at org.gradle.internal.work.DefaultSynchronizer.withLock(DefaultSynchr
onizer.java:46)
	at org.gradle.internal.model.StateTransitionController.inState(StateTr
ansitionController.java:110)
	at org.gradle.internal.model.StateTransitionController.inState(StateTr
ansitionController.java:98)
	at org.gradle.initialization.VintageBuildModelController.scheduleReque
stedTasks(VintageBuildModelController.java:76)
	at org.gradle.internal.build.DefaultBuildLifecycleController$DefaultWo
rkGraphBuilder.addRequestedTasks(DefaultBuildLifecycleController.java:4
04)
	at org.gradle.internal.buildtree.DefaultBuildTreeWorkPreparer.lambda$s
cheduleRequestedTasks$0(DefaultBuildTreeWorkPreparer.java:41)
	at org.gradle.internal.build.DefaultBuildLifecycleController.lambda$po
pulateWorkGraph$7(DefaultBuildLifecycleController.java:189)
	at org.gradle.internal.build.DefaultBuildWorkPreparer.populateWorkGrap
h(DefaultBuildWorkPreparer.java:42)
	at org.gradle.internal.build.BuildOperationFiringBuildWorkPreparer$Pop
ulateWorkGraph.populateTaskGraph(BuildOperationFiringBuildWorkPreparer.
java:106)
	at org.gradle.internal.build.BuildOperationFiringBuildWorkPreparer$Pop
ulateWorkGraph.run(BuildOperationFiringBuildWorkPreparer.java:92)
	at org.gradle.internal.operations.DefaultBuildOperationRunner$1.execut
e(DefaultBuildOperationRunner.java:29)
	at org.gradle.internal.operations.DefaultBuildOperationRunner$1.execut
e(DefaultBuildOperationRunner.java:26)
	at org.gradle.internal.operations.DefaultBuildOperationRunner$2.execut
e(DefaultBuildOperationRunner.java:66)
	at org.gradle.internal.operations.DefaultBuildOperationRunner$2.execut
e(DefaultBuildOperationRunner.java:59)
	at org.gradle.internal.operations.DefaultBuildOperationRunner.execute(
DefaultBuildOperationRunner.java:166)
	at org.gradle.internal.operations.DefaultBuildOperationRunner.execute(
DefaultBuildOperationRunner.java:59)
	at org.gradle.internal.operations.DefaultBuildOperationRunner.run(Defa
ultBuildOperationRunner.java:47)
	at org.gradle.internal.build.BuildOperationFiringBuildWorkPreparer.pop
ulateWorkGraph(BuildOperationFiringBuildWorkPreparer.java:67)
	at org.gradle.internal.build.DefaultBuildLifecycleController.lambda$po
pulateWorkGraph$8(DefaultBuildLifecycleController.java:189)
	at org.gradle.internal.model.StateTransitionController.lambda$inState$
1(StateTransitionController.java:99)
	at org.gradle.internal.model.StateTransitionController.lambda$inState$
2(StateTransitionController.java:114)
	at org.gradle.internal.work.DefaultSynchronizer.withLock(DefaultSynchr
onizer.java:46)
	at org.gradle.internal.model.StateTransitionController.inState(StateTr
ansitionController.java:110)
	at org.gradle.internal.model.StateTransitionController.inState(StateTr
ansitionController.java:98)
	at org.gradle.internal.build.DefaultBuildLifecycleController.populateW
orkGraph(DefaultBuildLifecycleController.java:189)
	at org.gradle.internal.build.DefaultBuildWorkGraphController$DefaultBu
ildWorkGraph.populateWorkGraph(DefaultBuildWorkGraphController.java:169
)
	at org.gradle.composite.internal.DefaultBuildController.populateWorkGr
aph(DefaultBuildController.java:76)
	at org.gradle.composite.internal.DefaultIncludedBuildTaskGraph$Default
BuildTreeWorkGraphBuilder.withWorkGraph(DefaultIncludedBuildTaskGraph.j
ava:153)
	at org.gradle.internal.buildtree.DefaultBuildTreeWorkPreparer.lambda$s
cheduleRequestedTasks$1(DefaultBuildTreeWorkPreparer.java:41)
	at org.gradle.composite.internal.DefaultIncludedBuildTaskGraph$Default
BuildTreeWorkGraph$1.run(DefaultIncludedBuildTaskGraph.java:209)
	at org.gradle.internal.operations.DefaultBuildOperationRunner$1.execut
e(DefaultBuildOperationRunner.java:29)
	at org.gradle.internal.operations.DefaultBuildOperationRunner$1.execut
e(DefaultBuildOperationRunner.java:26)
	at org.gradle.internal.operations.DefaultBuildOperationRunner$2.execut
e(DefaultBuildOperationRunner.java:66)
	at org.gradle.internal.operations.DefaultBuildOperationRunner$2.execut
e(DefaultBuildOperationRunner.java:59)
	at org.gradle.internal.operations.DefaultBuildOperationRunner.execute(
DefaultBuildOperationRunner.java:166)
	at org.gradle.internal.operations.DefaultBuildOperationRunner.execute(
DefaultBuildOperationRunner.java:59)
	at org.gradle.internal.operations.DefaultBuildOperationRunner.run(Defa
ultBuildOperationRunner.java:47)
	at org.gradle.composite.internal.DefaultIncludedBuildTaskGraph$Default
BuildTreeWorkGraph.scheduleWork(DefaultIncludedBuildTaskGraph.java:204)
	at org.gradle.internal.buildtree.DefaultBuildTreeWorkPreparer.schedule
RequestedTasks(DefaultBuildTreeWorkPreparer.java:37)
	at org.gradle.internal.cc.impl.VintageBuildTreeWorkController$schedule
AndRunRequestedTasks$1.apply(VintageBuildTreeWorkController.kt:36)
	at org.gradle.internal.cc.impl.VintageBuildTreeWorkController$schedule
AndRunRequestedTasks$1.apply(VintageBuildTreeWorkController.kt:35)
	at org.gradle.composite.internal.DefaultIncludedBuildTaskGraph.withNew
WorkGraph(DefaultIncludedBuildTaskGraph.java:112)
	at org.gradle.internal.cc.impl.VintageBuildTreeWorkController.schedule
AndRunRequestedTasks(VintageBuildTreeWorkController.kt:35)
	at org.gradle.internal.buildtree.DefaultBuildTreeLifecycleController.l
ambda$scheduleAndRunTasks$1(DefaultBuildTreeLifecycleController.java:77
)
	at org.gradle.internal.buildtree.DefaultBuildTreeLifecycleController.l
ambda$runBuild$4(DefaultBuildTreeLifecycleController.java:120)
	at org.gradle.internal.model.StateTransitionController.lambda$transiti
on$6(StateTransitionController.java:169)
	at org.gradle.internal.model.StateTransitionController.doTransition(St
ateTransitionController.java:266)
	at org.gradle.internal.model.StateTransitionController.lambda$transiti
on$7(StateTransitionController.java:169)
	at org.gradle.internal.work.DefaultSynchronizer.withLock(DefaultSynchr
onizer.java:46)
	at org.gradle.internal.model.StateTransitionController.transition(Stat
eTransitionController.java:169)
	at org.gradle.internal.buildtree.DefaultBuildTreeLifecycleController.r
unBuild(DefaultBuildTreeLifecycleController.java:117)
	at org.gradle.internal.buildtree.DefaultBuildTreeLifecycleController.s
cheduleAndRunTasks(DefaultBuildTreeLifecycleController.java:77)
	at org.gradle.internal.buildtree.DefaultBuildTreeLifecycleController.s
cheduleAndRunTasks(DefaultBuildTreeLifecycleController.java:72)
	at org.gradle.tooling.internal.provider.ExecuteBuildActionRunner.run(E
xecuteBuildActionRunner.java:31)
	at org.gradle.launcher.exec.ChainingBuildActionRunner.run(ChainingBuil
dActionRunner.java:35)
	at org.gradle.internal.buildtree.ProblemReportingBuildActionRunner.run
(ProblemReportingBuildActionRunner.java:49)
	at org.gradle.launcher.exec.BuildOutcomeReportingBuildActionRunner.run
(BuildOutcomeReportingBuildActionRunner.java:66)
	at org.gradle.tooling.internal.provider.FileSystemWatchingBuildActionR
unner.run(FileSystemWatchingBuildActionRunner.java:140)
	at org.gradle.launcher.exec.BuildCompletionNotifyingBuildActionRunner.
run(BuildCompletionNotifyingBuildActionRunner.java:41)
	at org.gradle.launcher.exec.RootBuildLifecycleBuildActionExecutor.lamb
da$execute$0(RootBuildLifecycleBuildActionExecutor.java:54)
	at org.gradle.composite.internal.DefaultRootBuildState.run(DefaultRoot
BuildState.java:130)
	at org.gradle.launcher.exec.RootBuildLifecycleBuildActionExecutor.exec
ute(RootBuildLifecycleBuildActionExecutor.java:54)
	at org.gradle.internal.buildtree.InitDeprecationLoggingActionExecutor.
execute(InitDeprecationLoggingActionExecutor.java:62)
	at org.gradle.internal.buildtree.InitProblems.execute(InitProblems.jav
a:36)
	at org.gradle.internal.buildtree.DefaultBuildTreeContext.execute(Defau
ltBuildTreeContext.java:40)
	at org.gradle.launcher.exec.BuildTreeLifecycleBuildActionExecutor.lamb
da$execute$0(BuildTreeLifecycleBuildActionExecutor.java:71)
	at org.gradle.internal.buildtree.BuildTreeState.run(BuildTreeState.jav
a:60)
	at org.gradle.launcher.exec.BuildTreeLifecycleBuildActionExecutor.exec
ute(BuildTreeLifecycleBuildActionExecutor.java:71)
	at org.gradle.launcher.exec.RunAsBuildOperationBuildActionExecutor$3.c
all(RunAsBuildOperationBuildActionExecutor.java:61)
	at org.gradle.launcher.exec.RunAsBuildOperationBuildActionExecutor$3.c
all(RunAsBuildOperationBuildActionExecutor.java:57)
	at org.gradle.internal.operations.DefaultBuildOperationRunner$Callable
BuildOperationWorker.execute(DefaultBuildOperationRunner.java:209)
	at org.gradle.internal.operations.DefaultBuildOperationRunner$Callable
BuildOperationWorker.execute(DefaultBuildOperationRunner.java:204)
	at org.gradle.internal.operations.DefaultBuildOperationRunner$2.execut
e(DefaultBuildOperationRunner.java:66)
	at org.gradle.internal.operations.DefaultBuildOperationRunner$2.execut
e(DefaultBuildOperationRunner.java:59)
	at org.gradle.internal.operations.DefaultBuildOperationRunner.execute(
DefaultBuildOperationRunner.java:166)
	at org.gradle.internal.operations.DefaultBuildOperationRunner.execute(
DefaultBuildOperationRunner.java:59)
	at org.gradle.internal.operations.DefaultBuildOperationRunner.call(Def
aultBuildOperationRunner.java:53)
	at org.gradle.launcher.exec.RunAsBuildOperationBuildActionExecutor.exe
cute(RunAsBuildOperationBuildActionExecutor.java:57)
	at org.gradle.launcher.exec.RunAsWorkerThreadBuildActionExecutor.lambd
a$execute$0(RunAsWorkerThreadBuildActionExecutor.java:36)
	at org.gradle.internal.work.DefaultWorkerLeaseService.withLocks(Defaul
tWorkerLeaseService.java:263)
	at org.gradle.internal.work.DefaultWorkerLeaseService.runAsWorkerThrea
d(DefaultWorkerLeaseService.java:127)
	at org.gradle.launcher.exec.RunAsWorkerThreadBuildActionExecutor.execu
te(RunAsWorkerThreadBuildActionExecutor.java:36)
	at org.gradle.tooling.internal.provider.continuous.ContinuousBuildActi
onExecutor.execute(ContinuousBuildActionExecutor.java:110)
	at org.gradle.tooling.internal.provider.SubscribableBuildActionExecuto
r.execute(SubscribableBuildActionExecutor.java:64)
	at org.gradle.internal.session.DefaultBuildSessionContext.execute(Defa
ultBuildSessionContext.java:46)
	at org.gradle.internal.buildprocess.execution.BuildSessionLifecycleBui
ldActionExecutor$ActionImpl.apply(BuildSessionLifecycleBuildActionExecu
tor.java:92)
	at org.gradle.internal.buildprocess.execution.BuildSessionLifecycleBui
ldActionExecutor$ActionImpl.apply(BuildSessionLifecycleBuildActionExecu
tor.java:80)
	at org.gradle.internal.session.BuildSessionState.run(BuildSessionState
.java:71)
	at org.gradle.internal.buildprocess.execution.BuildSessionLifecycleBui
ldActionExecutor.execute(BuildSessionLifecycleBuildActionExecutor.java:
62)
	at org.gradle.internal.buildprocess.execution.BuildSessionLifecycleBui
ldActionExecutor.execute(BuildSessionLifecycleBuildActionExecutor.java:
41)
	at org.gradle.internal.buildprocess.execution.StartParamsValidatingAct
ionExecutor.execute(StartParamsValidatingActionExecutor.java:64)
	at org.gradle.internal.buildprocess.execution.StartParamsValidatingAct
ionExecutor.execute(StartParamsValidatingActionExecutor.java:32)
	at org.gradle.internal.buildprocess.execution.SessionFailureReportingA
ctionExecutor.execute(SessionFailureReportingActionExecutor.java:51)
	at org.gradle.internal.buildprocess.execution.SessionFailureReportingA
ctionExecutor.execute(SessionFailureReportingActionExecutor.java:39)
	at org.gradle.internal.buildprocess.execution.SetupLoggingActionExecut
or.execute(SetupLoggingActionExecutor.java:47)
	at org.gradle.internal.buildprocess.execution.SetupLoggingActionExecut
or.execute(SetupLoggingActionExecutor.java:31)
	at org.gradle.launcher.daemon.server.exec.ExecuteBuild.doBuild(Execute
Build.java:70)
	at org.gradle.launcher.daemon.server.exec.BuildCommandOnly.execute(Bui
ldCommandOnly.java:37)
	at org.gradle.launcher.daemon.server.api.DaemonCommandExecution.procee
d(DaemonCommandExecution.java:104)
	at org.gradle.launcher.daemon.server.exec.WatchForDisconnection.execut
e(WatchForDisconnection.java:39)
	at org.gradle.launcher.daemon.server.api.DaemonCommandExecution.procee
d(DaemonCommandExecution.java:104)
	at org.gradle.launcher.daemon.server.exec.ResetDeprecationLogger.execu
te(ResetDeprecationLogger.java:29)
	at org.gradle.launcher.daemon.server.api.DaemonCommandExecution.procee
d(DaemonCommandExecution.java:104)
	at org.gradle.launcher.daemon.server.exec.RequestStopIfSingleUsedDaemo
n.execute(RequestStopIfSingleUsedDaemon.java:35)
	at org.gradle.launcher.daemon.server.api.DaemonCommandExecution.procee
d(DaemonCommandExecution.java:104)
	at org.gradle.launcher.daemon.server.exec.ForwardClientInput.lambda$ex
ecute$0(ForwardClientInput.java:40)
	at org.gradle.internal.daemon.clientinput.ClientInputForwarder.forward
Input(ClientInputForwarder.java:80)
	at org.gradle.launcher.daemon.server.exec.ForwardClientInput.execute(F
orwardClientInput.java:37)
	at org.gradle.launcher.daemon.server.api.DaemonCommandExecution.procee
d(DaemonCommandExecution.java:104)
	at org.gradle.launcher.daemon.server.exec.LogAndCheckHealth.execute(Lo
gAndCheckHealth.java:64)
	at org.gradle.launcher.daemon.server.api.DaemonCommandExecution.procee
d(DaemonCommandExecution.java:104)
	at org.gradle.launcher.daemon.server.exec.LogToClient.doBuild(LogToCli
ent.java:63)
	at org.gradle.launcher.daemon.server.exec.BuildCommandOnly.execute(Bui
ldCommandOnly.java:37)
	at org.gradle.launcher.daemon.server.api.DaemonCommandExecution.procee
d(DaemonCommandExecution.java:104)
	at org.gradle.launcher.daemon.server.exec.EstablishBuildEnvironment.do
Build(EstablishBuildEnvironment.java:84)
	at org.gradle.launcher.daemon.server.exec.BuildCommandOnly.execute(Bui
ldCommandOnly.java:37)
	at org.gradle.launcher.daemon.server.api.DaemonCommandExecution.procee
d(DaemonCommandExecution.java:104)
	at org.gradle.launcher.daemon.server.exec.StartBuildOrRespondWithBusy$
1.run(StartBuildOrRespondWithBusy.java:52)
	at org.gradle.launcher.daemon.server.DaemonStateCoordinator.lambda$run
Command$0(DaemonStateCoordinator.java:321)
	at org.gradle.internal.concurrent.ExecutorPolicy$CatchAndRecordFailure
s.onExecute(ExecutorPolicy.java:64)
	at org.gradle.internal.concurrent.AbstractManagedExecutor$1.run(Abstra
ctManagedExecutor.java:48)
Caused by: org.gradle.api.internal.tasks.DefaultTaskContainer$TaskCreat
ionException: Could not create task ':app:testDebugUnitTest'.
	at org.gradle.api.internal.tasks.DefaultTaskContainer.taskCreationExce
ption(DefaultTaskContainer.java:721)
	at org.gradle.api.internal.tasks.DefaultTaskContainer.access$600(Defau
ltTaskContainer.java:78)
	at org.gradle.api.internal.tasks.DefaultTaskContainer$TaskCreatingProv
ider.domainObjectCreationException(DefaultTaskContainer.java:713)
	at org.gradle.api.internal.DefaultNamedDomainObjectCollection$Abstract
DomainObjectCreatingProvider.tryCreate(DefaultNamedDomainObjectCollecti
on.java:1014)
	at org.gradle.api.internal.tasks.DefaultTaskContainer$TaskCreatingProv
ider.access$1401(DefaultTaskContainer.java:660)
	at org.gradle.api.internal.tasks.DefaultTaskContainer$TaskCreatingProv
ider$1.run(DefaultTaskContainer.java:686)
	at org.gradle.internal.operations.DefaultBuildOperationRunner$1.execut
e(DefaultBuildOperationRunner.java:29)
	at org.gradle.internal.operations.DefaultBuildOperationRunner$1.execut
e(DefaultBuildOperationRunner.java:26)
	at org.gradle.internal.operations.DefaultBuildOperationRunner$2.execut
e(DefaultBuildOperationRunner.java:66)
	at org.gradle.internal.operations.DefaultBuildOperationRunner$2.execut
e(DefaultBuildOperationRunner.java:59)
	at org.gradle.internal.operations.DefaultBuildOperationRunner.execute(
DefaultBuildOperationRunner.java:166)
	at org.gradle.internal.operations.DefaultBuildOperationRunner.execute(
DefaultBuildOperationRunner.java:59)
	at org.gradle.internal.operations.DefaultBuildOperationRunner.run(Defa
ultBuildOperationRunner.java:47)
	at org.gradle.api.internal.tasks.DefaultTaskContainer$TaskCreatingProv
ider.tryCreate(DefaultTaskContainer.java:682)
	at org.gradle.api.internal.DefaultNamedDomainObjectCollection$Abstract
DomainObjectCreatingProvider.calculateOwnValue(DefaultNamedDomainObject
Collection.java:988)
	at org.gradle.api.internal.provider.AbstractMinimalProvider.calculateO
wnPresentValue(AbstractMinimalProvider.java:80)
	at org.gradle.api.internal.provider.AbstractMinimalProvider.get(Abstra
ctMinimalProvider.java:100)
	at org.gradle.api.internal.DefaultNamedDomainObjectCollection$Abstract
DomainObjectCreatingProvider.get(DefaultNamedDomainObjectCollection.jav
a:974)
	at org.gradle.api.internal.tasks.DefaultTaskContainer$TaskCreatingProv
ider.getProducer(DefaultTaskContainer.java:677)
	at org.gradle.api.internal.tasks.DefaultTaskDependency.visitDependenci
es(DefaultTaskDependency.java:104)
	at org.gradle.api.internal.tasks.CachingTaskDependencyResolveContext$T
askGraphImpl.getNodeValues(CachingTaskDependencyResolveContext.java:108
)
	at org.gradle.internal.graph.CachingDirectedGraphWalker$GraphWithEmpty
Edges.getNodeValues(CachingDirectedGraphWalker.java:213)
	at org.gradle.internal.graph.CachingDirectedGraphWalker.doSearch(Cachi
ngDirectedGraphWalker.java:121)
	at org.gradle.internal.graph.CachingDirectedGraphWalker.findValues(Cac
hingDirectedGraphWalker.java:73)
	at org.gradle.api.internal.tasks.CachingTaskDependencyResolveContext.g
etDependencies(CachingTaskDependencyResolveContext.java:67)
	... 139 more
Caused by: org.gradle.api.tasks.TaskInstantiationException: Could not 
create task of type 'AndroidUnitTest'.
	at org.gradle.api.internal.project.taskfactory.TaskFactory$1.call(Task
Factory.java:95)
	at org.gradle.api.internal.project.taskfactory.TaskFactory$1.call(Task
Factory.java:82)
	at org.gradle.internal.UncheckedException.uncheckedCall(UncheckedExcep
tion.java:103)
	at org.gradle.api.internal.AbstractTask.injectIntoNewInstance(Abstract
Task.java:217)
	at org.gradle.api.internal.project.taskfactory.TaskFactory.create(Task
Factory.java:82)
	at org.gradle.api.internal.project.taskfactory.AnnotationProcessingTas
kFactory.create(AnnotationProcessingTaskFactory.java:48)
	at org.gradle.api.internal.tasks.DefaultTaskContainer.createTask(Defau
ltTaskContainer.java:332)
	at org.gradle.api.internal.tasks.DefaultTaskContainer.access$200(Defau
ltTaskContainer.java:78)
	at org.gradle.api.internal.tasks.DefaultTaskContainer$TaskCreatingProv
ider.createDomainObject(DefaultTaskContainer.java:703)
	at org.gradle.api.internal.tasks.DefaultTaskContainer$TaskCreatingProv
ider.createDomainObject(DefaultTaskContainer.java:660)
	at org.gradle.api.internal.DefaultNamedDomainObjectCollection$Abstract
DomainObjectCreatingProvider.tryCreate(DefaultNamedDomainObjectCollecti
on.java:1001)
	... 160 more
Caused by: org.gradle.api.reflect.ObjectInstantiationException: Could 
not create an instance of type 
org.gradle.api.internal.tasks.testing.DefaultTestTaskReports.
	at org.gradle.internal.instantiation.generator.DependencyInjectingInst
antiator.doCreate(DependencyInjectingInstantiator.java:70)
	at org.gradle.internal.instantiation.generator.DependencyInjectingInst
antiator.newInstance(DependencyInjectingInstantiator.java:56)
	at org.gradle.api.internal.model.DefaultObjectFactory.newInstance(Defa
ultObjectFactory.java:92)
	at org.gradle.api.tasks.testing.AbstractTestTask.<init>(AbstractTestTa
sk.java:186)
	at org.gradle.api.tasks.testing.Test.<init>(Test.java:185)
	at com.android.build.gradle.tasks.factory.AndroidUnitTest.<init>(Andro
idUnitTest.java:91)
	at com.android.build.gradle.tasks.factory.AndroidUnitTest_Decorated.<i
nit>(Unknown Source)
	at java.base/jdk.internal.reflect.DirectConstructorHandleAccessor.newI
nstance(DirectConstructorHandleAccessor.java:62)
	at org.gradle.internal.instantiation.generator.AsmBackedClassGenerator
$InvokeConstructorStrategy.newInstance(AsmBackedClassGenerator.java:210
7)
	at org.gradle.internal.instantiation.generator.AbstractClassGenerator$
GeneratedClassImpl$GeneratedConstructorImpl.newInstance(AbstractClassGe
nerator.java:544)
	at org.gradle.internal.instantiation.generator.DependencyInjectingInst
antiator.doCreate(DependencyInjectingInstantiator.java:65)
	at org.gradle.internal.instantiation.generator.DependencyInjectingInst
antiator.newInstanceWithDisplayName(DependencyInjectingInstantiator.jav
a:51)
	at org.gradle.api.internal.project.taskfactory.TaskFactory$1.call(Task
Factory.java:88)
	... 170 more
Caused by: org.gradle.api.reflect.ObjectInstantiationException: Could 
not create an instance of type 
org.gradle.api.reporting.internal.DefaultReportContainer.
	at org.gradle.internal.instantiation.generator.DependencyInjectingInst
antiator.doCreate(DependencyInjectingInstantiator.java:70)
	at org.gradle.internal.instantiation.generator.DependencyInjectingInst
antiator.newInstance(DependencyInjectingInstantiator.java:56)
	at org.gradle.api.internal.model.DefaultObjectFactory.newInstance(Defa
ultObjectFactory.java:92)
	at org.gradle.api.reporting.internal.DefaultReportContainer.create(Def
aultReportContainer.java:68)
	at org.gradle.api.internal.tasks.testing.DefaultTestTaskReports.<init>
(DefaultTestTaskReports.java:37)
	at org.gradle.api.internal.tasks.testing.DefaultTestTaskReports_Decora
ted.<init>(Unknown Source)
	at java.base/jdk.internal.reflect.DirectConstructorHandleAccessor.newI
nstance(DirectConstructorHandleAccessor.java:62)
	at org.gradle.internal.instantiation.generator.AsmBackedClassGenerator
$InvokeConstructorStrategy.newInstance(AsmBackedClassGenerator.java:210
7)
	at org.gradle.internal.instantiation.generator.AbstractClassGenerator$
GeneratedClassImpl$GeneratedConstructorImpl.newInstance(AbstractClassGe
nerator.java:544)
	at org.gradle.internal.instantiation.generator.DependencyInjectingInst
antiator.doCreate(DependencyInjectingInstantiator.java:65)
	... 182 more
Caused by: java.lang.TypeNotPresentException: Type T not present
	at org.gradle.internal.instantiation.generator.AbstractClassGenerator$
GeneratedClassImpl$GeneratedConstructorImpl.getGenericParameterTypes(Ab
stractClassGenerator.java:574)
	at org.gradle.internal.instantiation.generator.DependencyInjectingInst
antiator.addServicesToParameters(DependencyInjectingInstantiator.java:1
63)
	at org.gradle.internal.instantiation.generator.DependencyInjectingInst
antiator.convertParameters(DependencyInjectingInstantiator.java:122)
	at org.gradle.internal.instantiation.generator.DependencyInjectingInst
antiator.doCreate(DependencyInjectingInstantiator.java:63)
	... 191 more


BUILD FAILED in 2s

Deprecated Gradle features were used in this build, making it incompatible with Gradle 9.0.

You can use '--warning-mode all' to show the individual deprecation warnings and determine if they come from your own scripts or plugins.

For more on this, please refer to https://docs.gradle.org/8.11.1/userguide/command_line_interface.html#sec:command_line_warnings in the Gradle documentation.
